// Jest Snapshot v1, https://goo.gl/fbAQLP

exports[`Test Cities component Should Cities render correctly 1`] = `
<div>
  <div
    class="cities"
  >
    <div
      class="cities__places-container container"
    >
      <section
        class="cities__places places"
      >
        <h2
          class="visually-hidden"
        >
          Places
        </h2>
        <b
          class="places__found"
        >
          1
           places to stay in 
          Paris
        </b>
        <form
          action="#"
          class="places__sorting"
          method="get"
        >
          <span
            class="places__sorting-caption"
          >
            Sort by
          </span>
          <span
            class="places__sorting-type"
            tabindex="0"
          >
            <svg
              class="places__sorting-arrow"
              height="4"
              width="7"
            >
              <use
                href="#icon-arrow-select"
                xlink="true"
              />
            </svg>
          </span>
        </form>
        <div
          class="cities__places-list places__list tabs__content"
        >
          <article
            class="cities__place-card place-card"
          >
            <div
              class="place-card__mark"
            >
              <span>
                Premium
              </span>
            </div>
            <div
              class="cities__image-wrapper place-card__image-wrapper"
            >
              <a
                href="/offer/1"
              >
                <img
                  alt="Place image"
                  class="place-card__image"
                  height="200"
                  src="https://assets.htmlacademy.ru/intensives/javascript-3/hotel/19.jpg"
                  width="260"
                />
              </a>
            </div>
            <div
              class=" place-card__info"
            >
              <div
                class="place-card__price-wrapper"
              >
                <div
                  class="place-card__price"
                >
                  <b
                    class="place-card__price-value"
                  >
                    €
                    161
                  </b>
                  <span
                    class="place-card__price-text"
                  >
                    / night
                  </span>
                </div>
                <button
                  class="place-card__bookmark-button button false"
                  type="button"
                >
                  <svg
                    class="place-card__bookmark-icon"
                    height="19"
                    width="18"
                  >
                    <use
                      href="#icon-bookmark"
                      xlink="true"
                    />
                  </svg>
                  <span
                    class="visually-hidden"
                  >
                    To bookmarks
                  </span>
                </button>
              </div>
              <div
                class="place-card__rating rating"
              >
                <div
                  class="place-card__stars rating__stars"
                >
                  <span
                    style="width: 40%;"
                  />
                  <span
                    class="visually-hidden"
                  >
                    Rating
                  </span>
                </div>
              </div>
              <h2
                class="place-card__name"
              >
                <a
                  href="/offer/1"
                >
                  Tile House
                </a>
              </h2>
              <p
                class="place-card__type"
              >
                house
              </p>
            </div>
          </article>
        </div>
      </section>
      <div
        class="cities__right-section"
      >
        <section
          class="cities__map map"
        >
          <div
            class="leaflet-container leaflet-grab leaflet-touch-drag"
            id="map"
            style="width: 100%; height: 100%; position: relative;"
            tabindex="0"
          >
            <div
              class="leaflet-pane leaflet-map-pane"
              style="left: 0px; top: 0px;"
            >
              <div
                class="leaflet-pane leaflet-tile-pane"
              >
                <div
                  class="leaflet-layer "
                  style="z-index: 1;"
                >
                  <div
                    class="leaflet-tile-container leaflet-zoom-animated"
                    style="z-index: 18; left: 0px; top: 0px;"
                  >
                    <img
                      alt=""
                      class="leaflet-tile"
                      role="presentation"
                      src="https://b.basemaps.cartocdn.com/rastertiles/voyager/13/4149/2818.png"
                      style="width: 256px; height: 256px; left: -130px; top: -72px;"
                    />
                  </div>
                </div>
              </div>
              <div
                class="leaflet-pane leaflet-shadow-pane"
              />
              <div
                class="leaflet-pane leaflet-overlay-pane"
              />
              <div
                class="leaflet-pane leaflet-marker-pane"
              >
                <img
                  alt=""
                  class="leaflet-marker-icon leaflet-zoom-hide leaflet-interactive"
                  src="./img/pin.svg"
                  style="margin-left: -13.5px; margin-top: -19.5px; width: 27px; height: 39px; left: 41px; top: -9px; z-index: -9;"
                  tabindex="0"
                />
              </div>
              <div
                class="leaflet-pane leaflet-tooltip-pane"
              />
              <div
                class="leaflet-pane leaflet-popup-pane"
              />
            </div>
            <div
              class="leaflet-control-container"
            >
              <div
                class="leaflet-top leaflet-left"
              />
              <div
                class="leaflet-top leaflet-right"
              />
              <div
                class="leaflet-bottom leaflet-left"
              />
              <div
                class="leaflet-bottom leaflet-right"
              >
                <div
                  class="leaflet-control-attribution leaflet-control"
                >
                  <a
                    href="https://leafletjs.com"
                    title="A JS library for interactive maps"
                  >
                    Leaflet
                  </a>
                   | © 
                  <a
                    href="https://www.openstreetmap.org/copyright"
                  >
                    OpenStreetMap
                  </a>
                   contributors © 
                  <a
                    href="https://carto.com/attributions"
                  >
                    CARTO
                  </a>
                </div>
              </div>
            </div>
          </div>
        </section>
      </div>
    </div>
  </div>
</div>
`;
